Archive member included because of file (symbol)

c:/program files/eclipsearm/sourcery-g++-lite-arm-2011.03/bin/../lib/gcc/arm-none-eabi/4.5.2\libgcc.a(_udivsi3.o)
                              ./LCD_touch_2025/tp.o (__aeabi_uidiv)
c:/program files/eclipsearm/sourcery-g++-lite-arm-2011.03/bin/../lib/gcc/arm-none-eabi/4.5.2\libgcc.a(_divsi3.o)
                              ./LCD_touch_2025/common/44blib.o (__aeabi_idiv)
c:/program files/eclipsearm/sourcery-g++-lite-arm-2011.03/bin/../lib/gcc/arm-none-eabi/4.5.2\libgcc.a(_dvmd_tls.o)
                              c:/program files/eclipsearm/sourcery-g++-lite-arm-2011.03/bin/../lib/gcc/arm-none-eabi/4.5.2\libgcc.a(_udivsi3.o) (__aeabi_idiv0)
c:/program files/eclipsearm/sourcery-g++-lite-arm-2011.03/bin/../lib/gcc/arm-none-eabi/4.5.2\libgcc.a(_arm_addsubdf3.o)
                              ./LCD_touch_2025/common/44blib.o (__aeabi_dadd)
c:/program files/eclipsearm/sourcery-g++-lite-arm-2011.03/bin/../lib/gcc/arm-none-eabi/4.5.2\libgcc.a(_arm_muldivdf3.o)
                              ./LCD_touch_2025/common/44blib.o (__aeabi_ddiv)
c:/program files/eclipsearm/sourcery-g++-lite-arm-2011.03/bin/../lib/gcc/arm-none-eabi/4.5.2\libgcc.a(_arm_fixdfsi.o)
                              ./LCD_touch_2025/common/44blib.o (__aeabi_d2iz)
c:/program files/eclipsearm/sourcery-g++-lite-arm-2011.03/bin/../lib/gcc/arm-none-eabi/4.5.2/../../../../arm-none-eabi/lib\libc.a(lib_a-strlen.o)
                              ./LCD_touch_2025/lcd.o (strlen)

Allocating common symbols
Common symbol       size              file

ucCursorBackUp      0x78              ./LCD_touch_2025/Bmp.o
ulMouseY            0x2               ./LCD_touch_2025/Bmp.o
Ymin                0x4               ./LCD_touch_2025/main.o
Xmax                0x4               ./LCD_touch_2025/main.o
fileSize            0x4               ./LCD_touch_2025/common/44blib.o
yn                  0x1               ./LCD_touch_2025/main.o
ulMouseX            0x2               ./LCD_touch_2025/Bmp.o
Vx                  0x4               ./LCD_touch_2025/main.o
Ymax                0x4               ./LCD_touch_2025/main.o
oneTouch            0x4               ./LCD_touch_2025/main.o
Vy                  0x4               ./LCD_touch_2025/main.o
Xmin                0x4               ./LCD_touch_2025/main.o
downPt              0x4               ./LCD_touch_2025/common/44blib.o
CheckTSP            0x4               ./LCD_touch_2025/main.o

Memory Configuration

Name             Origin             Length             Attributes
*default*        0x00000000         0xffffffff

Linker script and memory map

LOAD ./LCD_touch_2025/common/44binit.o
LOAD ./LCD_touch_2025/common/44blib.o
LOAD ./LCD_touch_2025/common/AscII6x8.o
LOAD ./LCD_touch_2025/common/AscII8x16.o
LOAD ./LCD_touch_2025/Bmp.o
LOAD ./LCD_touch_2025/lcd.o
LOAD ./LCD_touch_2025/main.o
LOAD ./LCD_touch_2025/tp.o
START GROUP
LOAD c:/program files/eclipsearm/sourcery-g++-lite-arm-2011.03/bin/../lib/gcc/arm-none-eabi/4.5.2\libgcc.a
LOAD c:/program files/eclipsearm/sourcery-g++-lite-arm-2011.03/bin/../lib/gcc/arm-none-eabi/4.5.2/../../../../arm-none-eabi/lib\libc.a
END GROUP
                0x0c000000                . = 0xc000000
                0x0c000000                Image_RO_Base = .

.text           0x0c000000     0x5050
 *(.text)
 .text          0x0c000000      0x70c ./LCD_touch_2025/common/44binit.o
 .text          0x0c00070c      0x8bc ./LCD_touch_2025/common/44blib.o
                0x0c00070c                Delay
                0x0c000844                DelayMs
                0x0c0008a8                DelayTime
                0x0c0008f0                Port_Init
                0x0c000a80                Uart_Init
                0x0c000ca8                Timer_Start
                0x0c000d1c                Timer_Stop
                0x0c000d5c                Beep
                0x0c000dc0                ChangePllValue
                0x0c000e0c                malloc
                0x0c000eac                free
                0x0c000edc                Cache_Flush
                0x0c000f58                sys_init
 .text          0x0c000fc8        0x0 ./LCD_touch_2025/common/AscII6x8.o
 .text          0x0c000fc8        0x0 ./LCD_touch_2025/common/AscII8x16.o
 .text          0x0c000fc8      0x800 ./LCD_touch_2025/Bmp.o
                0x0c000fc8                BitmapView
                0x0c001154                BitmapPush
                0x0c0013c0                BitmapPop
                0x0c00164c                CursorInit
                0x0c0016a0                CursorPush
                0x0c0016fc                CursorPop
                0x0c001758                CursorView
 .text          0x0c0017c8     0x21e4 ./LCD_touch_2025/lcd.o
                0x0c0017c8                Lcd_Init
                0x0c00195c                Lcd_Active_Clr
                0x0c0019c4                LCD_GetPixel
                0x0c001a94                Lcd_Clr
                0x0c001b00                LcdClrRect
                0x0c002150                Lcd_Draw_Box
                0x0c0021ec                Lcd_Draw_Line
                0x0c002b44                Lcd_Draw_HLine
                0x0c002d4c                Lcd_Draw_VLine
                0x0c002f84                Lcd_DisplayString
                0x0c002fb0                Lcd_DspAscII8x16
                0x0c0032c4                Lcd_DspAscII6x8
                0x0c003488                ReverseLine
                0x0c00357c                Zdma0Done
                0x0c0035bc                Lcd_Dma_Trans
                0x0c00366c                Lcd_mostrar_pantalla_bienvenida
                0x0c0037c8                Lcd_Test
 .text          0x0c0039ac       0x40 ./LCD_touch_2025/main.o
                0x0c0039ac                Main
 .text          0x0c0039ec      0xa90 ./LCD_touch_2025/tp.o
                0x0c0039ec                TS_Test
                0x0c003a10                TSInt
                0x0c003d9c                TS_init
                0x0c003e88                TS_close
                0x0c003ec8                Lcd_TC
                0x0c004240                DesignREC
                0x0c004374                Check_Sel
 .text          0x0c00447c      0x114 c:/program files/eclipsearm/sourcery-g++-lite-arm-2011.03/bin/../lib/gcc/arm-none-eabi/4.5.2\libgcc.a(_udivsi3.o)
                0x0c00447c                __aeabi_uidiv
                0x0c00447c                __udivsi3
                0x0c004570                __aeabi_uidivmod
 .text          0x0c004590      0x148 c:/program files/eclipsearm/sourcery-g++-lite-arm-2011.03/bin/../lib/gcc/arm-none-eabi/4.5.2\libgcc.a(_divsi3.o)
                0x0c004590                __divsi3
                0x0c004590                __aeabi_idiv
                0x0c0046b8                __aeabi_idivmod
 .text          0x0c0046d8        0x4 c:/program files/eclipsearm/sourcery-g++-lite-arm-2011.03/bin/../lib/gcc/arm-none-eabi/4.5.2\libgcc.a(_dvmd_tls.o)
                0x0c0046d8                __aeabi_idiv0
                0x0c0046d8                __aeabi_ldiv0
 .text          0x0c0046dc      0x41c c:/program files/eclipsearm/sourcery-g++-lite-arm-2011.03/bin/../lib/gcc/arm-none-eabi/4.5.2\libgcc.a(_arm_addsubdf3.o)
                0x0c0046dc                __aeabi_drsub
                0x0c0046e4                __aeabi_dsub
                0x0c0046e4                __subdf3
                0x0c0046e8                __aeabi_dadd
                0x0c0046e8                __adddf3
                0x0c0049f8                __floatunsidf
                0x0c0049f8                __aeabi_ui2d
                0x0c004a1c                __floatsidf
                0x0c004a1c                __aeabi_i2d
                0x0c004a44                __aeabi_f2d
                0x0c004a44                __extendsfdf2
                0x0c004a84                __floatundidf
                0x0c004a84                __aeabi_ul2d
                0x0c004a98                __floatdidf
                0x0c004a98                __aeabi_l2d
 .text          0x0c004af8      0x49c c:/program files/eclipsearm/sourcery-g++-lite-arm-2011.03/bin/../lib/gcc/arm-none-eabi/4.5.2\libgcc.a(_arm_muldivdf3.o)
                0x0c004af8                __aeabi_dmul
                0x0c004af8                __muldf3
                0x0c004d88                __divdf3
                0x0c004d88                __aeabi_ddiv
 .text          0x0c004f94       0x5c c:/program files/eclipsearm/sourcery-g++-lite-arm-2011.03/bin/../lib/gcc/arm-none-eabi/4.5.2\libgcc.a(_arm_fixdfsi.o)
                0x0c004f94                __aeabi_d2iz
                0x0c004f94                __fixdfsi
 .text          0x0c004ff0       0x60 c:/program files/eclipsearm/sourcery-g++-lite-arm-2011.03/bin/../lib/gcc/arm-none-eabi/4.5.2/../../../../arm-none-eabi/lib\libc.a(lib_a-strlen.o)
                0x0c004ff0                strlen
                0x0c005050                Image_RO_Limit = .
                0x0c005050                Image_RW_Base = .

.glue_7         0x0c005050        0x0
 .glue_7        0x00000000        0x0 linker stubs

.glue_7t        0x0c005050        0x0
 .glue_7t       0x00000000        0x0 linker stubs

.vfp11_veneer   0x0c005050        0x0
 .vfp11_veneer  0x00000000        0x0 linker stubs

.v4_bx          0x0c005050        0x0
 .v4_bx         0x00000000        0x0 linker stubs

.data           0x0c005050       0x25
 *(.data)
 .data          0x0c005050        0x6 ./LCD_touch_2025/common/44binit.o
                0x0c005050                BDRAMTYPE
 *fill*         0x0c005056        0x2 00
 .data          0x0c005058        0xc ./LCD_touch_2025/common/44blib.o
                0x0c005058                mallocPt
                0x0c00505c                run
 .data          0x0c005064        0x0 ./LCD_touch_2025/common/AscII6x8.o
 .data          0x0c005064        0x0 ./LCD_touch_2025/common/AscII8x16.o
 .data          0x0c005064       0x10 ./LCD_touch_2025/Bmp.o
                0x0c005064                Stru_Bitmap_gbMouse
 .data          0x0c005074        0x1 ./LCD_touch_2025/lcd.o
 .data          0x0c005075        0x0 ./LCD_touch_2025/main.o
 .data          0x0c005075        0x0 ./LCD_touch_2025/tp.o
 .data          0x0c005075        0x0 c:/program files/eclipsearm/sourcery-g++-lite-arm-2011.03/bin/../lib/gcc/arm-none-eabi/4.5.2\libgcc.a(_udivsi3.o)
 .data          0x0c005075        0x0 c:/program files/eclipsearm/sourcery-g++-lite-arm-2011.03/bin/../lib/gcc/arm-none-eabi/4.5.2\libgcc.a(_divsi3.o)
 .data          0x0c005075        0x0 c:/program files/eclipsearm/sourcery-g++-lite-arm-2011.03/bin/../lib/gcc/arm-none-eabi/4.5.2\libgcc.a(_dvmd_tls.o)
 .data          0x0c005075        0x0 c:/program files/eclipsearm/sourcery-g++-lite-arm-2011.03/bin/../lib/gcc/arm-none-eabi/4.5.2\libgcc.a(_arm_addsubdf3.o)
 .data          0x0c005075        0x0 c:/program files/eclipsearm/sourcery-g++-lite-arm-2011.03/bin/../lib/gcc/arm-none-eabi/4.5.2\libgcc.a(_arm_muldivdf3.o)
 .data          0x0c005075        0x0 c:/program files/eclipsearm/sourcery-g++-lite-arm-2011.03/bin/../lib/gcc/arm-none-eabi/4.5.2\libgcc.a(_arm_fixdfsi.o)
 .data          0x0c005075        0x0 c:/program files/eclipsearm/sourcery-g++-lite-arm-2011.03/bin/../lib/gcc/arm-none-eabi/4.5.2/../../../../arm-none-eabi/lib\libc.a(lib_a-strlen.o)

.rodata         0x0c005078     0x15fc
 *(.rodata)
 .rodata        0x0c005078      0x400 ./LCD_touch_2025/common/AscII6x8.o
                0x0c005078                g_auc_Ascii6x8
 .rodata        0x0c005478     0x1004 ./LCD_touch_2025/common/AscII8x16.o
                0x0c005478                g_auc_Ascii8x16
 .rodata        0x0c00647c       0xf0 ./LCD_touch_2025/Bmp.o
                0x0c00647c                ucMouseMap
 .rodata        0x0c00656c       0xc8 ./LCD_touch_2025/lcd.o
 .rodata        0x0c006634       0x40 ./LCD_touch_2025/tp.o
                0x0c006674                Image_RW_Limit = .
                0x0c006674                Image_ZI_Base = .

.bss            0x0c006674       0xac
 *(.bss)
 .bss           0x0c006674        0x0 ./LCD_touch_2025/common/44binit.o
 .bss           0x0c006674        0x4 ./LCD_touch_2025/common/44blib.o
                0x0c006674                restart
 .bss           0x0c006678        0x0 ./LCD_touch_2025/common/AscII6x8.o
 .bss           0x0c006678        0x0 ./LCD_touch_2025/common/AscII8x16.o
 .bss           0x0c006678        0x0 ./LCD_touch_2025/Bmp.o
 .bss           0x0c006678        0x0 ./LCD_touch_2025/lcd.o
 .bss           0x0c006678        0x0 ./LCD_touch_2025/main.o
 .bss           0x0c006678        0x0 ./LCD_touch_2025/tp.o
 .bss           0x0c006678        0x0 c:/program files/eclipsearm/sourcery-g++-lite-arm-2011.03/bin/../lib/gcc/arm-none-eabi/4.5.2\libgcc.a(_udivsi3.o)
 .bss           0x0c006678        0x0 c:/program files/eclipsearm/sourcery-g++-lite-arm-2011.03/bin/../lib/gcc/arm-none-eabi/4.5.2\libgcc.a(_divsi3.o)
 .bss           0x0c006678        0x0 c:/program files/eclipsearm/sourcery-g++-lite-arm-2011.03/bin/../lib/gcc/arm-none-eabi/4.5.2\libgcc.a(_dvmd_tls.o)
 .bss           0x0c006678        0x0 c:/program files/eclipsearm/sourcery-g++-lite-arm-2011.03/bin/../lib/gcc/arm-none-eabi/4.5.2\libgcc.a(_arm_addsubdf3.o)
 .bss           0x0c006678        0x0 c:/program files/eclipsearm/sourcery-g++-lite-arm-2011.03/bin/../lib/gcc/arm-none-eabi/4.5.2\libgcc.a(_arm_muldivdf3.o)
 .bss           0x0c006678        0x0 c:/program files/eclipsearm/sourcery-g++-lite-arm-2011.03/bin/../lib/gcc/arm-none-eabi/4.5.2\libgcc.a(_arm_fixdfsi.o)
 .bss           0x0c006678        0x0 c:/program files/eclipsearm/sourcery-g++-lite-arm-2011.03/bin/../lib/gcc/arm-none-eabi/4.5.2/../../../../arm-none-eabi/lib\libc.a(lib_a-strlen.o)
 COMMON         0x0c006678        0x8 ./LCD_touch_2025/common/44blib.o
                0x0c006678                fileSize
                0x0c00667c                downPt
 COMMON         0x0c006680       0x7c ./LCD_touch_2025/Bmp.o
                0x0c006680                ucCursorBackUp
                0x0c0066f8                ulMouseY
                0x0c0066fa                ulMouseX
 COMMON         0x0c0066fc       0x24 ./LCD_touch_2025/main.o
                0x0c0066fc                Ymin
                0x0c006700                Xmax
                0x0c006704                yn
                0x0c006708                Vx
                0x0c00670c                Ymax
                0x0c006710                oneTouch
                0x0c006714                Vy
                0x0c006718                Xmin
                0x0c00671c                CheckTSP
                0x0c006720                Image_ZI_Limit = .
                0x0c006720                __bss_start__ = .
                0x0c006720                __bss_end__ = .
                0x0c006720                __EH_FRAME_BEGIN__ = .
                0x0c006720                __EH_FRAME_END__ = .
                0x0c006720                PROVIDE (__stack, .)
                0x0c006720                end = .
                0x0c006720                _end = .

.ARM.attributes
                0x00000000       0x2e
 .ARM.attributes
                0x00000000       0x22 ./LCD_touch_2025/common/44binit.o
 .ARM.attributes
                0x00000022       0x32 ./LCD_touch_2025/common/44blib.o
 .ARM.attributes
                0x00000054       0x32 ./LCD_touch_2025/common/AscII6x8.o
 .ARM.attributes
                0x00000086       0x32 ./LCD_touch_2025/common/AscII8x16.o
 .ARM.attributes
                0x000000b8       0x32 ./LCD_touch_2025/Bmp.o
 .ARM.attributes
                0x000000ea       0x32 ./LCD_touch_2025/lcd.o
 .ARM.attributes
                0x0000011c       0x32 ./LCD_touch_2025/main.o
 .ARM.attributes
                0x0000014e       0x32 ./LCD_touch_2025/tp.o
 .ARM.attributes
                0x00000180       0x1a c:/program files/eclipsearm/sourcery-g++-lite-arm-2011.03/bin/../lib/gcc/arm-none-eabi/4.5.2\libgcc.a(_udivsi3.o)
 .ARM.attributes
                0x0000019a       0x1a c:/program files/eclipsearm/sourcery-g++-lite-arm-2011.03/bin/../lib/gcc/arm-none-eabi/4.5.2\libgcc.a(_divsi3.o)
 .ARM.attributes
                0x000001b4       0x18 c:/program files/eclipsearm/sourcery-g++-lite-arm-2011.03/bin/../lib/gcc/arm-none-eabi/4.5.2\libgcc.a(_dvmd_tls.o)
 .ARM.attributes
                0x000001cc       0x1a c:/program files/eclipsearm/sourcery-g++-lite-arm-2011.03/bin/../lib/gcc/arm-none-eabi/4.5.2\libgcc.a(_arm_addsubdf3.o)
 .ARM.attributes
                0x000001e6       0x1a c:/program files/eclipsearm/sourcery-g++-lite-arm-2011.03/bin/../lib/gcc/arm-none-eabi/4.5.2\libgcc.a(_arm_muldivdf3.o)
 .ARM.attributes
                0x00000200       0x1a c:/program files/eclipsearm/sourcery-g++-lite-arm-2011.03/bin/../lib/gcc/arm-none-eabi/4.5.2\libgcc.a(_arm_fixdfsi.o)
 .ARM.attributes
                0x0000021a       0x34 c:/program files/eclipsearm/sourcery-g++-lite-arm-2011.03/bin/../lib/gcc/arm-none-eabi/4.5.2/../../../../arm-none-eabi/lib\libc.a(lib_a-strlen.o)

.comment        0x00000000       0x2a
 .comment       0x00000000       0x2a ./LCD_touch_2025/common/44blib.o
                                 0x2b (size before relaxing)
 .comment       0x00000000       0x2b ./LCD_touch_2025/common/AscII6x8.o
 .comment       0x00000000       0x2b ./LCD_touch_2025/common/AscII8x16.o
 .comment       0x00000000       0x2b ./LCD_touch_2025/Bmp.o
 .comment       0x00000000       0x2b ./LCD_touch_2025/lcd.o
 .comment       0x00000000       0x2b ./LCD_touch_2025/main.o
 .comment       0x00000000       0x2b ./LCD_touch_2025/tp.o

.debug_info     0x00000000     0x133a
 *(.debug_info)
 .debug_info    0x00000000       0x7b ./LCD_touch_2025/common/44binit.o
 .debug_info    0x0000007b      0x380 ./LCD_touch_2025/common/44blib.o
 .debug_info    0x000003fb       0x60 ./LCD_touch_2025/common/AscII6x8.o
 .debug_info    0x0000045b       0x60 ./LCD_touch_2025/common/AscII8x16.o
 .debug_info    0x000004bb      0x33c ./LCD_touch_2025/Bmp.o
 .debug_info    0x000007f7      0x7b3 ./LCD_touch_2025/lcd.o
 .debug_info    0x00000faa      0x104 ./LCD_touch_2025/main.o
 .debug_info    0x000010ae      0x28c ./LCD_touch_2025/tp.o

.debug_line     0x00000000      0xf5f
 *(.debug_line)
 .debug_line    0x00000000      0x11e ./LCD_touch_2025/common/44binit.o
 .debug_line    0x0000011e      0x40f ./LCD_touch_2025/common/44blib.o
 .debug_line    0x0000052d       0x4d ./LCD_touch_2025/common/AscII6x8.o
 .debug_line    0x0000057a       0x4e ./LCD_touch_2025/common/AscII8x16.o
 .debug_line    0x000005c8      0x12b ./LCD_touch_2025/Bmp.o
 .debug_line    0x000006f3      0x38d ./LCD_touch_2025/lcd.o
 .debug_line    0x00000a80       0xd1 ./LCD_touch_2025/main.o
 .debug_line    0x00000b51      0x40e ./LCD_touch_2025/tp.o

.debug_abbrev   0x00000000      0x5f1
 *(.debug_abbrev)
 .debug_abbrev  0x00000000       0x14 ./LCD_touch_2025/common/44binit.o
 .debug_abbrev  0x00000014      0x136 ./LCD_touch_2025/common/44blib.o
 .debug_abbrev  0x0000014a       0x4b ./LCD_touch_2025/common/AscII6x8.o
 .debug_abbrev  0x00000195       0x4b ./LCD_touch_2025/common/AscII8x16.o
 .debug_abbrev  0x000001e0       0xf8 ./LCD_touch_2025/Bmp.o
 .debug_abbrev  0x000002d8      0x1bc ./LCD_touch_2025/lcd.o
 .debug_abbrev  0x00000494       0x7b ./LCD_touch_2025/main.o
 .debug_abbrev  0x0000050f       0xe2 ./LCD_touch_2025/tp.o

.debug_frame    0x00000000      0x678
 *(.debug_frame)
 .debug_frame   0x00000000      0x1bc ./LCD_touch_2025/common/44blib.o
 .debug_frame   0x000001bc       0xf4 ./LCD_touch_2025/Bmp.o
 .debug_frame   0x000002b0      0x23c ./LCD_touch_2025/lcd.o
 .debug_frame   0x000004ec       0x30 ./LCD_touch_2025/main.o
 .debug_frame   0x0000051c       0xfc ./LCD_touch_2025/tp.o
 .debug_frame   0x00000618       0x20 c:/program files/eclipsearm/sourcery-g++-lite-arm-2011.03/bin/../lib/gcc/arm-none-eabi/4.5.2\libgcc.a(_udivsi3.o)
 .debug_frame   0x00000638       0x20 c:/program files/eclipsearm/sourcery-g++-lite-arm-2011.03/bin/../lib/gcc/arm-none-eabi/4.5.2\libgcc.a(_divsi3.o)
 .debug_frame   0x00000658       0x20 c:/program files/eclipsearm/sourcery-g++-lite-arm-2011.03/bin/../lib/gcc/arm-none-eabi/4.5.2/../../../../arm-none-eabi/lib\libc.a(lib_a-strlen.o)
OUTPUT(practica3.elf elf32-littlearm)

.debug_aranges  0x00000000       0xc0
 .debug_aranges
                0x00000000       0x20 ./LCD_touch_2025/common/44binit.o
 .debug_aranges
                0x00000020       0x20 ./LCD_touch_2025/common/44blib.o
 .debug_aranges
                0x00000040       0x20 ./LCD_touch_2025/Bmp.o
 .debug_aranges
                0x00000060       0x20 ./LCD_touch_2025/lcd.o
 .debug_aranges
                0x00000080       0x20 ./LCD_touch_2025/main.o
 .debug_aranges
                0x000000a0       0x20 ./LCD_touch_2025/tp.o

.debug_macinfo  0x00000000    0x215b4
 .debug_macinfo
                0x00000000     0x82fb ./LCD_touch_2025/common/44blib.o
 .debug_macinfo
                0x000082fb     0x2297 ./LCD_touch_2025/common/AscII6x8.o
 .debug_macinfo
                0x0000a592     0x2297 ./LCD_touch_2025/common/AscII8x16.o
 .debug_macinfo
                0x0000c829     0x289a ./LCD_touch_2025/Bmp.o
 .debug_macinfo
                0x0000f0c3     0x587a ./LCD_touch_2025/lcd.o
 .debug_macinfo
                0x0001493d     0x57f6 ./LCD_touch_2025/main.o
 .debug_macinfo
                0x0001a133     0x7481 ./LCD_touch_2025/tp.o

.debug_loc      0x00000000      0x7bc
 .debug_loc     0x00000000      0x23c ./LCD_touch_2025/common/44blib.o
 .debug_loc     0x0000023c      0x134 ./LCD_touch_2025/Bmp.o
 .debug_loc     0x00000370      0x2ec ./LCD_touch_2025/lcd.o
 .debug_loc     0x0000065c       0x2c ./LCD_touch_2025/main.o
 .debug_loc     0x00000688      0x134 ./LCD_touch_2025/tp.o

.debug_pubnames
                0x00000000      0x478
 .debug_pubnames
                0x00000000       0xf7 ./LCD_touch_2025/common/44blib.o
 .debug_pubnames
                0x000000f7       0x25 ./LCD_touch_2025/common/AscII6x8.o
 .debug_pubnames
                0x0000011c       0x26 ./LCD_touch_2025/common/AscII8x16.o
 .debug_pubnames
                0x00000142       0xcd ./LCD_touch_2025/Bmp.o
 .debug_pubnames
                0x0000020f      0x147 ./LCD_touch_2025/lcd.o
 .debug_pubnames
                0x00000356       0x6e ./LCD_touch_2025/main.o
 .debug_pubnames
                0x000003c4       0xb4 ./LCD_touch_2025/tp.o

.debug_pubtypes
                0x00000000       0x7e
 .debug_pubtypes
                0x00000000       0x12 ./LCD_touch_2025/common/44blib.o
 .debug_pubtypes
                0x00000012       0x2d ./LCD_touch_2025/Bmp.o
 .debug_pubtypes
                0x0000003f       0x2d ./LCD_touch_2025/lcd.o
 .debug_pubtypes
                0x0000006c       0x12 ./LCD_touch_2025/tp.o

.debug_str      0x00000000      0x594
 .debug_str     0x00000000      0x1b7 ./LCD_touch_2025/common/44blib.o
                                0x1f5 (size before relaxing)
 .debug_str     0x000001b7       0x33 ./LCD_touch_2025/common/AscII6x8.o
                                 0x87 (size before relaxing)
 .debug_str     0x000001ea       0x35 ./LCD_touch_2025/common/AscII8x16.o
                                 0x89 (size before relaxing)
 .debug_str     0x0000021f      0x10b ./LCD_touch_2025/Bmp.o
                                0x179 (size before relaxing)
 .debug_str     0x0000032a      0x1d0 ./LCD_touch_2025/lcd.o
                                0x2d7 (size before relaxing)
 .debug_str     0x000004fa       0x44 ./LCD_touch_2025/main.o
                                 0x8f (size before relaxing)
 .debug_str     0x0000053e       0x56 ./LCD_touch_2025/tp.o
                                0x13e (size before relaxing)
