Archive member included because of file (symbol)

c:/program files/eclipsearm/sourcery-g++-lite-arm-2011.03/bin/../lib/gcc/arm-none-eabi/4.5.2\libgcc.a(_udivsi3.o)
                              ./LCD_touch_2025/tp.o (__aeabi_uidiv)
c:/program files/eclipsearm/sourcery-g++-lite-arm-2011.03/bin/../lib/gcc/arm-none-eabi/4.5.2\libgcc.a(_divsi3.o)
                              ./LCD_touch_2025/common/44blib.o (__aeabi_idiv)
c:/program files/eclipsearm/sourcery-g++-lite-arm-2011.03/bin/../lib/gcc/arm-none-eabi/4.5.2\libgcc.a(_dvmd_tls.o)
                              c:/program files/eclipsearm/sourcery-g++-lite-arm-2011.03/bin/../lib/gcc/arm-none-eabi/4.5.2\libgcc.a(_udivsi3.o) (__aeabi_idiv0)
c:/program files/eclipsearm/sourcery-g++-lite-arm-2011.03/bin/../lib/gcc/arm-none-eabi/4.5.2\libgcc.a(_arm_addsubdf3.o)
                              ./LCD_touch_2025/common/44blib.o (__aeabi_dadd)
c:/program files/eclipsearm/sourcery-g++-lite-arm-2011.03/bin/../lib/gcc/arm-none-eabi/4.5.2\libgcc.a(_arm_muldivdf3.o)
                              ./LCD_touch_2025/common/44blib.o (__aeabi_ddiv)
c:/program files/eclipsearm/sourcery-g++-lite-arm-2011.03/bin/../lib/gcc/arm-none-eabi/4.5.2\libgcc.a(_arm_fixdfsi.o)
                              ./LCD_touch_2025/common/44blib.o (__aeabi_d2iz)
c:/program files/eclipsearm/sourcery-g++-lite-arm-2011.03/bin/../lib/gcc/arm-none-eabi/4.5.2/../../../../arm-none-eabi/lib\libc.a(lib_a-strlen.o)
                              ./LCD_touch_2025/lcd.o (strlen)

Allocating common symbols
Common symbol       size              file

ucCursorBackUp      0x78              ./LCD_touch_2025/Bmp.o
ulMouseY            0x2               ./LCD_touch_2025/Bmp.o
Ymin                0x4               ./LCD_touch_2025/main.o
Xmax                0x4               ./LCD_touch_2025/main.o
fileSize            0x4               ./LCD_touch_2025/common/44blib.o
yn                  0x1               ./LCD_touch_2025/main.o
ulMouseX            0x2               ./LCD_touch_2025/Bmp.o
Vx                  0x4               ./LCD_touch_2025/main.o
Ymax                0x4               ./LCD_touch_2025/main.o
oneTouch            0x4               ./LCD_touch_2025/main.o
Vy                  0x4               ./LCD_touch_2025/main.o
Xmin                0x4               ./LCD_touch_2025/main.o
downPt              0x4               ./LCD_touch_2025/common/44blib.o
CheckTSP            0x4               ./LCD_touch_2025/main.o

Memory Configuration

Name             Origin             Length             Attributes
*default*        0x00000000         0xffffffff

Linker script and memory map

LOAD ./LCD_touch_2025/common/44binit.o
LOAD ./LCD_touch_2025/common/44blib.o
LOAD ./LCD_touch_2025/common/AscII6x8.o
LOAD ./LCD_touch_2025/common/AscII8x16.o
LOAD ./LCD_touch_2025/Bmp.o
LOAD ./LCD_touch_2025/lcd.o
LOAD ./LCD_touch_2025/main.o
LOAD ./LCD_touch_2025/tp.o
LOAD ./Archivos_P2/8led.o
LOAD ./Archivos_P2/button.o
LOAD ./Archivos_P2/cola.o
LOAD ./Archivos_P2/init_b.o
LOAD ./Archivos_P2/led.o
LOAD ./Archivos_P2/main_sudoku.o
LOAD ./Archivos_P2/sudoku_2025.o
LOAD ./Archivos_P2/timer.o
LOAD ./Archivos_P2/timer1.o
LOAD ./Archivos_P2/timer2.o
LOAD ./Archivos_P2/timer3.o
START GROUP
LOAD c:/program files/eclipsearm/sourcery-g++-lite-arm-2011.03/bin/../lib/gcc/arm-none-eabi/4.5.2\libgcc.a
LOAD c:/program files/eclipsearm/sourcery-g++-lite-arm-2011.03/bin/../lib/gcc/arm-none-eabi/4.5.2/../../../../arm-none-eabi/lib\libc.a
END GROUP
                0x0c000000                . = 0xc000000
                0x0c000000                Image_RO_Base = .

.text           0x0c000000     0x78ec
 *(.text)
 .text          0x0c000000      0x70c ./LCD_touch_2025/common/44binit.o
 .text          0x0c00070c      0x8bc ./LCD_touch_2025/common/44blib.o
                0x0c00070c                Delay
                0x0c000844                DelayMs
                0x0c0008a8                DelayTime
                0x0c0008f0                Port_Init
                0x0c000a80                Uart_Init
                0x0c000ca8                Timer_Start
                0x0c000d1c                Timer_Stop
                0x0c000d5c                Beep
                0x0c000dc0                ChangePllValue
                0x0c000e0c                malloc
                0x0c000eac                free
                0x0c000edc                Cache_Flush
                0x0c000f58                sys_init
 .text          0x0c000fc8        0x0 ./LCD_touch_2025/common/AscII6x8.o
 .text          0x0c000fc8        0x0 ./LCD_touch_2025/common/AscII8x16.o
 .text          0x0c000fc8      0x800 ./LCD_touch_2025/Bmp.o
                0x0c000fc8                BitmapView
                0x0c001154                BitmapPush
                0x0c0013c0                BitmapPop
                0x0c00164c                CursorInit
                0x0c0016a0                CursorPush
                0x0c0016fc                CursorPop
                0x0c001758                CursorView
 .text          0x0c0017c8     0x21e4 ./LCD_touch_2025/lcd.o
                0x0c0017c8                Lcd_Init
                0x0c00195c                Lcd_Active_Clr
                0x0c0019c4                LCD_GetPixel
                0x0c001a94                Lcd_Clr
                0x0c001b00                LcdClrRect
                0x0c002150                Lcd_Draw_Box
                0x0c0021ec                Lcd_Draw_Line
                0x0c002b44                Lcd_Draw_HLine
                0x0c002d4c                Lcd_Draw_VLine
                0x0c002f84                Lcd_DisplayString
                0x0c002fb0                Lcd_DspAscII8x16
                0x0c0032c4                Lcd_DspAscII6x8
                0x0c003488                ReverseLine
                0x0c00357c                Zdma0Done
                0x0c0035bc                Lcd_Dma_Trans
                0x0c00366c                Lcd_mostrar_pantalla_bienvenida
                0x0c0037c8                Lcd_Test
 .text          0x0c0039ac       0x40 ./LCD_touch_2025/main.o
                0x0c0039ac                MainLCD
 .text          0x0c0039ec      0xa90 ./LCD_touch_2025/tp.o
                0x0c0039ec                TS_Test
                0x0c003a10                TSInt
                0x0c003d9c                TS_init
                0x0c003e88                TS_close
                0x0c003ec8                Lcd_TC
                0x0c004240                DesignREC
                0x0c004374                Check_Sel
 .text          0x0c00447c       0x78 ./Archivos_P2/8led.o
                0x0c00447c                D8Led_init
                0x0c0044a0                D8Led_symbol
 .text          0x0c0044f4      0x9c8 ./Archivos_P2/button.o
                0x0c004d1c                Eint4567_ISR
                0x0c004dcc                Eint4567_init
 .text          0x0c004ebc      0x270 ./Archivos_P2/cola.o
                0x0c004ebc                cola_init
                0x0c004fb0                cola_depuracion
                0x0c0050d4                cola_get_num_eventos
                0x0c005100                cola_get_indice
 .text          0x0c00512c      0x48c ./Archivos_P2/init_b.o
                0x0c00512c                candidatos_propagar_arm
                0x0c005244                candidatos_actualizar_arm_arm
                0x0c005324                candidatos_actualizar_arm_c
                0x0c005404                candidatos_actualizar_all
 .text          0x0c0055b8      0x23c ./Archivos_P2/led.o
                0x0c0055b8                leds_on
                0x0c0055d8                leds_off
                0x0c0055f8                led1_on
                0x0c005638                led1_off
                0x0c005678                led2_on
                0x0c0056b8                led2_off
                0x0c0056f8                leds_switch
                0x0c005738                Led_Display
 .text          0x0c0057f4       0x40 ./Archivos_P2/main_sudoku.o
                0x0c0057f4                Main
 .text          0x0c005834      0x898 ./Archivos_P2/sudoku_2025.o
                0x0c0058d8                candidatos_propagar_c
                0x0c005aac                candidatos_actualizar_c
                0x0c005c44                candidatos_actualizar_c_arm
                0x0c005ed0                sudoku9x9
                0x0c006064                main
 .text          0x0c0060cc      0x108 ./Archivos_P2/timer.o
                0x0c0060cc                timer_ISR
                0x0c006114                timer_init
 .text          0x0c0061d4      0x1ac ./Archivos_P2/timer1.o
                0x0c0061d4                timer1_ISR
                0x0c006278                timer1_init
 .text          0x0c006380      0x27c ./Archivos_P2/timer2.o
                0x0c006380                timer2_ISR
                0x0c0063d0                timer2_init
                0x0c0064f8                timer2_start
                0x0c006588                timer2_count
 .text          0x0c0065fc      0x71c ./Archivos_P2/timer3.o
                0x0c0067bc                timer3_init
                0x0c0068e8                timer3_start_antirrebote
                0x0c0069f4                timer3_esta_ocupado
                0x0c006a2c                timer3_ISR
 .text          0x0c006d18      0x114 c:/program files/eclipsearm/sourcery-g++-lite-arm-2011.03/bin/../lib/gcc/arm-none-eabi/4.5.2\libgcc.a(_udivsi3.o)
                0x0c006d18                __aeabi_uidiv
                0x0c006d18                __udivsi3
                0x0c006e0c                __aeabi_uidivmod
 .text          0x0c006e2c      0x148 c:/program files/eclipsearm/sourcery-g++-lite-arm-2011.03/bin/../lib/gcc/arm-none-eabi/4.5.2\libgcc.a(_divsi3.o)
                0x0c006e2c                __divsi3
                0x0c006e2c                __aeabi_idiv
                0x0c006f54                __aeabi_idivmod
 .text          0x0c006f74        0x4 c:/program files/eclipsearm/sourcery-g++-lite-arm-2011.03/bin/../lib/gcc/arm-none-eabi/4.5.2\libgcc.a(_dvmd_tls.o)
                0x0c006f74                __aeabi_idiv0
                0x0c006f74                __aeabi_ldiv0
 .text          0x0c006f78      0x41c c:/program files/eclipsearm/sourcery-g++-lite-arm-2011.03/bin/../lib/gcc/arm-none-eabi/4.5.2\libgcc.a(_arm_addsubdf3.o)
                0x0c006f78                __aeabi_drsub
                0x0c006f80                __aeabi_dsub
                0x0c006f80                __subdf3
                0x0c006f84                __aeabi_dadd
                0x0c006f84                __adddf3
                0x0c007294                __floatunsidf
                0x0c007294                __aeabi_ui2d
                0x0c0072b8                __floatsidf
                0x0c0072b8                __aeabi_i2d
                0x0c0072e0                __aeabi_f2d
                0x0c0072e0                __extendsfdf2
                0x0c007320                __floatundidf
                0x0c007320                __aeabi_ul2d
                0x0c007334                __floatdidf
                0x0c007334                __aeabi_l2d
 .text          0x0c007394      0x49c c:/program files/eclipsearm/sourcery-g++-lite-arm-2011.03/bin/../lib/gcc/arm-none-eabi/4.5.2\libgcc.a(_arm_muldivdf3.o)
                0x0c007394                __aeabi_dmul
                0x0c007394                __muldf3
                0x0c007624                __divdf3
                0x0c007624                __aeabi_ddiv
 .text          0x0c007830       0x5c c:/program files/eclipsearm/sourcery-g++-lite-arm-2011.03/bin/../lib/gcc/arm-none-eabi/4.5.2\libgcc.a(_arm_fixdfsi.o)
                0x0c007830                __aeabi_d2iz
                0x0c007830                __fixdfsi
 .text          0x0c00788c       0x60 c:/program files/eclipsearm/sourcery-g++-lite-arm-2011.03/bin/../lib/gcc/arm-none-eabi/4.5.2/../../../../arm-none-eabi/lib\libc.a(lib_a-strlen.o)
                0x0c00788c                strlen
                0x0c0078ec                Image_RO_Limit = .
                0x0c0078ec                Image_RW_Base = .

.glue_7         0x0c0078ec        0x0
 .glue_7        0x00000000        0x0 linker stubs

.glue_7t        0x0c0078ec        0x0
 .glue_7t       0x00000000        0x0 linker stubs

.vfp11_veneer   0x0c0078ec        0x0
 .vfp11_veneer  0x00000000        0x0 linker stubs

.v4_bx          0x0c0078ec        0x0
 .v4_bx         0x00000000        0x0 linker stubs

.data           0x0c007900      0xe20
 *(.data)
 .data          0x0c007900        0x6 ./LCD_touch_2025/common/44binit.o
                0x0c007900                BDRAMTYPE
 *fill*         0x0c007906        0x2 00
 .data          0x0c007908        0xc ./LCD_touch_2025/common/44blib.o
                0x0c007908                mallocPt
                0x0c00790c                run
 .data          0x0c007914        0x0 ./LCD_touch_2025/common/AscII6x8.o
 .data          0x0c007914        0x0 ./LCD_touch_2025/common/AscII8x16.o
 .data          0x0c007914       0x10 ./LCD_touch_2025/Bmp.o
                0x0c007914                Stru_Bitmap_gbMouse
 .data          0x0c007924        0x1 ./LCD_touch_2025/lcd.o
 .data          0x0c007925        0x0 ./LCD_touch_2025/main.o
 .data          0x0c007925        0x0 ./LCD_touch_2025/tp.o
 *fill*         0x0c007925        0x3 00
 .data          0x0c007928       0x44 ./Archivos_P2/8led.o
 .data          0x0c00796c        0x0 ./Archivos_P2/button.o
 .data          0x0c00796c        0x4 ./Archivos_P2/cola.o
                0x0c00796c                cola_global
 .data          0x0c007970        0x0 ./Archivos_P2/init_b.o
 .data          0x0c007970        0x0 ./Archivos_P2/led.o
 *fill*         0x0c007970       0x10 00
 .data          0x0c007980      0x6e0 ./Archivos_P2/main_sudoku.o
                0x0c008040                cuadricula
 .data          0x0c008060      0x6c0 ./Archivos_P2/sudoku_2025.o
 .data          0x0c008720        0x0 ./Archivos_P2/timer.o
 .data          0x0c008720        0x0 ./Archivos_P2/timer1.o
 .data          0x0c008720        0x0 ./Archivos_P2/timer2.o
 .data          0x0c008720        0x0 ./Archivos_P2/timer3.o
 .data          0x0c008720        0x0 c:/program files/eclipsearm/sourcery-g++-lite-arm-2011.03/bin/../lib/gcc/arm-none-eabi/4.5.2\libgcc.a(_udivsi3.o)
 .data          0x0c008720        0x0 c:/program files/eclipsearm/sourcery-g++-lite-arm-2011.03/bin/../lib/gcc/arm-none-eabi/4.5.2\libgcc.a(_divsi3.o)
 .data          0x0c008720        0x0 c:/program files/eclipsearm/sourcery-g++-lite-arm-2011.03/bin/../lib/gcc/arm-none-eabi/4.5.2\libgcc.a(_dvmd_tls.o)
 .data          0x0c008720        0x0 c:/program files/eclipsearm/sourcery-g++-lite-arm-2011.03/bin/../lib/gcc/arm-none-eabi/4.5.2\libgcc.a(_arm_addsubdf3.o)
 .data          0x0c008720        0x0 c:/program files/eclipsearm/sourcery-g++-lite-arm-2011.03/bin/../lib/gcc/arm-none-eabi/4.5.2\libgcc.a(_arm_muldivdf3.o)
 .data          0x0c008720        0x0 c:/program files/eclipsearm/sourcery-g++-lite-arm-2011.03/bin/../lib/gcc/arm-none-eabi/4.5.2\libgcc.a(_arm_fixdfsi.o)
 .data          0x0c008720        0x0 c:/program files/eclipsearm/sourcery-g++-lite-arm-2011.03/bin/../lib/gcc/arm-none-eabi/4.5.2/../../../../arm-none-eabi/lib\libc.a(lib_a-strlen.o)

.rodata         0x0c008720     0x1610
 *(.rodata)
 .rodata        0x0c008720      0x400 ./LCD_touch_2025/common/AscII6x8.o
                0x0c008720                g_auc_Ascii6x8
 .rodata        0x0c008b20     0x1004 ./LCD_touch_2025/common/AscII8x16.o
                0x0c008b20                g_auc_Ascii8x16
 .rodata        0x0c009b24       0xf0 ./LCD_touch_2025/Bmp.o
                0x0c009b24                ucMouseMap
 .rodata        0x0c009c14       0xd0 ./LCD_touch_2025/lcd.o
 .rodata        0x0c009ce4       0x40 ./LCD_touch_2025/tp.o
 .rodata        0x0c009d24        0xc ./Archivos_P2/sudoku_2025.o
                0x0c009d30                Image_RW_Limit = .
                0x0c009d30                Image_ZI_Base = .

.bss            0x0c009d30       0xe8
 *(.bss)
 .bss           0x0c009d30        0x0 ./LCD_touch_2025/common/44binit.o
 .bss           0x0c009d30        0x4 ./LCD_touch_2025/common/44blib.o
                0x0c009d30                restart
 .bss           0x0c009d34        0x0 ./LCD_touch_2025/common/AscII6x8.o
 .bss           0x0c009d34        0x0 ./LCD_touch_2025/common/AscII8x16.o
 .bss           0x0c009d34        0x0 ./LCD_touch_2025/Bmp.o
 .bss           0x0c009d34        0x0 ./LCD_touch_2025/lcd.o
 .bss           0x0c009d34        0x0 ./LCD_touch_2025/main.o
 .bss           0x0c009d34        0x0 ./LCD_touch_2025/tp.o
 .bss           0x0c009d34        0x0 ./Archivos_P2/8led.o
 .bss           0x0c009d34        0x6 ./Archivos_P2/button.o
 .bss           0x0c009d3a        0x0 ./Archivos_P2/cola.o
 .bss           0x0c009d3a        0x0 ./Archivos_P2/init_b.o
 *fill*         0x0c009d3a        0x2 00
 .bss           0x0c009d3c        0x4 ./Archivos_P2/led.o
 .bss           0x0c009d40        0x4 ./Archivos_P2/main_sudoku.o
                0x0c009d40                celdas_vacias
 .bss           0x0c009d44        0x0 ./Archivos_P2/sudoku_2025.o
 .bss           0x0c009d44        0x4 ./Archivos_P2/timer.o
                0x0c009d44                switch_leds
 .bss           0x0c009d48        0x8 ./Archivos_P2/timer1.o
 .bss           0x0c009d50        0x4 ./Archivos_P2/timer2.o
 .bss           0x0c009d54       0x1c ./Archivos_P2/timer3.o
 .bss           0x0c009d70        0x0 c:/program files/eclipsearm/sourcery-g++-lite-arm-2011.03/bin/../lib/gcc/arm-none-eabi/4.5.2\libgcc.a(_udivsi3.o)
 .bss           0x0c009d70        0x0 c:/program files/eclipsearm/sourcery-g++-lite-arm-2011.03/bin/../lib/gcc/arm-none-eabi/4.5.2\libgcc.a(_divsi3.o)
 .bss           0x0c009d70        0x0 c:/program files/eclipsearm/sourcery-g++-lite-arm-2011.03/bin/../lib/gcc/arm-none-eabi/4.5.2\libgcc.a(_dvmd_tls.o)
 .bss           0x0c009d70        0x0 c:/program files/eclipsearm/sourcery-g++-lite-arm-2011.03/bin/../lib/gcc/arm-none-eabi/4.5.2\libgcc.a(_arm_addsubdf3.o)
 .bss           0x0c009d70        0x0 c:/program files/eclipsearm/sourcery-g++-lite-arm-2011.03/bin/../lib/gcc/arm-none-eabi/4.5.2\libgcc.a(_arm_muldivdf3.o)
 .bss           0x0c009d70        0x0 c:/program files/eclipsearm/sourcery-g++-lite-arm-2011.03/bin/../lib/gcc/arm-none-eabi/4.5.2\libgcc.a(_arm_fixdfsi.o)
 .bss           0x0c009d70        0x0 c:/program files/eclipsearm/sourcery-g++-lite-arm-2011.03/bin/../lib/gcc/arm-none-eabi/4.5.2/../../../../arm-none-eabi/lib\libc.a(lib_a-strlen.o)
 COMMON         0x0c009d70        0x8 ./LCD_touch_2025/common/44blib.o
                0x0c009d70                fileSize
                0x0c009d74                downPt
 COMMON         0x0c009d78       0x7c ./LCD_touch_2025/Bmp.o
                0x0c009d78                ucCursorBackUp
                0x0c009df0                ulMouseY
                0x0c009df2                ulMouseX
 COMMON         0x0c009df4       0x24 ./LCD_touch_2025/main.o
                0x0c009df4                Ymin
                0x0c009df8                Xmax
                0x0c009dfc                yn
                0x0c009e00                Vx
                0x0c009e04                Ymax
                0x0c009e08                oneTouch
                0x0c009e0c                Vy
                0x0c009e10                Xmin
                0x0c009e14                CheckTSP
                0x0c009e18                Image_ZI_Limit = .
                0x0c009e18                __bss_start__ = .
                0x0c009e18                __bss_end__ = .
                0x0c009e18                __EH_FRAME_BEGIN__ = .
                0x0c009e18                __EH_FRAME_END__ = .
                0x0c009e18                PROVIDE (__stack, .)
                0x0c009e18                end = .
                0x0c009e18                _end = .

.ARM.attributes
                0x00000000       0x2e
 .ARM.attributes
                0x00000000       0x22 ./LCD_touch_2025/common/44binit.o
 .ARM.attributes
                0x00000022       0x32 ./LCD_touch_2025/common/44blib.o
 .ARM.attributes
                0x00000054       0x32 ./LCD_touch_2025/common/AscII6x8.o
 .ARM.attributes
                0x00000086       0x32 ./LCD_touch_2025/common/AscII8x16.o
 .ARM.attributes
                0x000000b8       0x32 ./LCD_touch_2025/Bmp.o
 .ARM.attributes
                0x000000ea       0x32 ./LCD_touch_2025/lcd.o
 .ARM.attributes
                0x0000011c       0x32 ./LCD_touch_2025/main.o
 .ARM.attributes
                0x0000014e       0x32 ./LCD_touch_2025/tp.o
 .ARM.attributes
                0x00000180       0x32 ./Archivos_P2/8led.o
 .ARM.attributes
                0x000001b2       0x32 ./Archivos_P2/button.o
 .ARM.attributes
                0x000001e4       0x32 ./Archivos_P2/cola.o
 .ARM.attributes
                0x00000216       0x22 ./Archivos_P2/init_b.o
 .ARM.attributes
                0x00000238       0x32 ./Archivos_P2/led.o
 .ARM.attributes
                0x0000026a       0x32 ./Archivos_P2/main_sudoku.o
 .ARM.attributes
                0x0000029c       0x32 ./Archivos_P2/sudoku_2025.o
 .ARM.attributes
                0x000002ce       0x32 ./Archivos_P2/timer.o
 .ARM.attributes
                0x00000300       0x32 ./Archivos_P2/timer1.o
 .ARM.attributes
                0x00000332       0x32 ./Archivos_P2/timer2.o
 .ARM.attributes
                0x00000364       0x32 ./Archivos_P2/timer3.o
 .ARM.attributes
                0x00000396       0x1a c:/program files/eclipsearm/sourcery-g++-lite-arm-2011.03/bin/../lib/gcc/arm-none-eabi/4.5.2\libgcc.a(_udivsi3.o)
 .ARM.attributes
                0x000003b0       0x1a c:/program files/eclipsearm/sourcery-g++-lite-arm-2011.03/bin/../lib/gcc/arm-none-eabi/4.5.2\libgcc.a(_divsi3.o)
 .ARM.attributes
                0x000003ca       0x18 c:/program files/eclipsearm/sourcery-g++-lite-arm-2011.03/bin/../lib/gcc/arm-none-eabi/4.5.2\libgcc.a(_dvmd_tls.o)
 .ARM.attributes
                0x000003e2       0x1a c:/program files/eclipsearm/sourcery-g++-lite-arm-2011.03/bin/../lib/gcc/arm-none-eabi/4.5.2\libgcc.a(_arm_addsubdf3.o)
 .ARM.attributes
                0x000003fc       0x1a c:/program files/eclipsearm/sourcery-g++-lite-arm-2011.03/bin/../lib/gcc/arm-none-eabi/4.5.2\libgcc.a(_arm_muldivdf3.o)
 .ARM.attributes
                0x00000416       0x1a c:/program files/eclipsearm/sourcery-g++-lite-arm-2011.03/bin/../lib/gcc/arm-none-eabi/4.5.2\libgcc.a(_arm_fixdfsi.o)
 .ARM.attributes
                0x00000430       0x34 c:/program files/eclipsearm/sourcery-g++-lite-arm-2011.03/bin/../lib/gcc/arm-none-eabi/4.5.2/../../../../arm-none-eabi/lib\libc.a(lib_a-strlen.o)

.comment        0x00000000       0x2a
 .comment       0x00000000       0x2a ./LCD_touch_2025/common/44blib.o
                                 0x2b (size before relaxing)
 .comment       0x00000000       0x2b ./LCD_touch_2025/common/AscII6x8.o
 .comment       0x00000000       0x2b ./LCD_touch_2025/common/AscII8x16.o
 .comment       0x00000000       0x2b ./LCD_touch_2025/Bmp.o
 .comment       0x00000000       0x2b ./LCD_touch_2025/lcd.o
 .comment       0x00000000       0x2b ./LCD_touch_2025/main.o
 .comment       0x00000000       0x2b ./LCD_touch_2025/tp.o
 .comment       0x00000000       0x2b ./Archivos_P2/8led.o
 .comment       0x00000000       0x2b ./Archivos_P2/button.o
 .comment       0x00000000       0x2b ./Archivos_P2/cola.o
 .comment       0x00000000       0x2b ./Archivos_P2/led.o
 .comment       0x00000000       0x2b ./Archivos_P2/main_sudoku.o
 .comment       0x00000000       0x2b ./Archivos_P2/sudoku_2025.o
 .comment       0x00000000       0x2b ./Archivos_P2/timer.o
 .comment       0x00000000       0x2b ./Archivos_P2/timer1.o
 .comment       0x00000000       0x2b ./Archivos_P2/timer2.o
 .comment       0x00000000       0x2b ./Archivos_P2/timer3.o

.debug_info     0x00000000     0x2609
 *(.debug_info)
 .debug_info    0x00000000       0x7b ./LCD_touch_2025/common/44binit.o
 .debug_info    0x0000007b      0x380 ./LCD_touch_2025/common/44blib.o
 .debug_info    0x000003fb       0x60 ./LCD_touch_2025/common/AscII6x8.o
 .debug_info    0x0000045b       0x60 ./LCD_touch_2025/common/AscII8x16.o
 .debug_info    0x000004bb      0x33c ./LCD_touch_2025/Bmp.o
 .debug_info    0x000007f7      0x7b3 ./LCD_touch_2025/lcd.o
 .debug_info    0x00000faa      0x104 ./LCD_touch_2025/main.o
 .debug_info    0x000010ae      0x28c ./LCD_touch_2025/tp.o
 .debug_info    0x0000133a      0x10d ./Archivos_P2/8led.o
 .debug_info    0x00001447      0x364 ./Archivos_P2/button.o
 .debug_info    0x000017ab      0x1d4 ./Archivos_P2/cola.o
 .debug_info    0x0000197f       0x70 ./Archivos_P2/init_b.o
 .debug_info    0x000019ef       0xf6 ./Archivos_P2/led.o
 .debug_info    0x00001ae5      0x242 ./Archivos_P2/main_sudoku.o
 .debug_info    0x00001d27      0x49e ./Archivos_P2/sudoku_2025.o
 .debug_info    0x000021c5       0x7a ./Archivos_P2/timer.o
 .debug_info    0x0000223f       0x82 ./Archivos_P2/timer1.o
 .debug_info    0x000022c1       0xea ./Archivos_P2/timer2.o
 .debug_info    0x000023ab      0x25e ./Archivos_P2/timer3.o

.debug_line     0x00000000     0x20c5
 *(.debug_line)
 .debug_line    0x00000000      0x11e ./LCD_touch_2025/common/44binit.o
 .debug_line    0x0000011e      0x40f ./LCD_touch_2025/common/44blib.o
 .debug_line    0x0000052d       0x4d ./LCD_touch_2025/common/AscII6x8.o
 .debug_line    0x0000057a       0x4e ./LCD_touch_2025/common/AscII8x16.o
 .debug_line    0x000005c8      0x12b ./LCD_touch_2025/Bmp.o
 .debug_line    0x000006f3      0x38d ./LCD_touch_2025/lcd.o
 .debug_line    0x00000a80       0xd1 ./LCD_touch_2025/main.o
 .debug_line    0x00000b51      0x40e ./LCD_touch_2025/tp.o
 .debug_line    0x00000f5f       0xba ./Archivos_P2/8led.o
 .debug_line    0x00001019      0x2d1 ./Archivos_P2/button.o
 .debug_line    0x000012ea      0x19c ./Archivos_P2/cola.o
 .debug_line    0x00001486      0x179 ./Archivos_P2/init_b.o
 .debug_line    0x000015ff       0xcd ./Archivos_P2/led.o
 .debug_line    0x000016cc      0x251 ./Archivos_P2/main_sudoku.o
 .debug_line    0x0000191d      0x2f8 ./Archivos_P2/sudoku_2025.o
 .debug_line    0x00001c15       0xc7 ./Archivos_P2/timer.o
 .debug_line    0x00001cdc       0xd5 ./Archivos_P2/timer1.o
 .debug_line    0x00001db1       0xdb ./Archivos_P2/timer2.o
 .debug_line    0x00001e8c      0x239 ./Archivos_P2/timer3.o

.debug_abbrev   0x00000000      0xd01
 *(.debug_abbrev)
 .debug_abbrev  0x00000000       0x14 ./LCD_touch_2025/common/44binit.o
 .debug_abbrev  0x00000014      0x136 ./LCD_touch_2025/common/44blib.o
 .debug_abbrev  0x0000014a       0x4b ./LCD_touch_2025/common/AscII6x8.o
 .debug_abbrev  0x00000195       0x4b ./LCD_touch_2025/common/AscII8x16.o
 .debug_abbrev  0x000001e0       0xf8 ./LCD_touch_2025/Bmp.o
 .debug_abbrev  0x000002d8      0x1bc ./LCD_touch_2025/lcd.o
 .debug_abbrev  0x00000494       0x7b ./LCD_touch_2025/main.o
 .debug_abbrev  0x0000050f       0xe2 ./LCD_touch_2025/tp.o
 .debug_abbrev  0x000005f1       0xa7 ./Archivos_P2/8led.o
 .debug_abbrev  0x00000698      0x107 ./Archivos_P2/button.o
 .debug_abbrev  0x0000079f       0xeb ./Archivos_P2/cola.o
 .debug_abbrev  0x0000088a       0x14 ./Archivos_P2/init_b.o
 .debug_abbrev  0x0000089e       0x69 ./Archivos_P2/led.o
 .debug_abbrev  0x00000907       0xdb ./Archivos_P2/main_sudoku.o
 .debug_abbrev  0x000009e2      0x103 ./Archivos_P2/sudoku_2025.o
 .debug_abbrev  0x00000ae5       0x58 ./Archivos_P2/timer.o
 .debug_abbrev  0x00000b3d       0x4c ./Archivos_P2/timer1.o
 .debug_abbrev  0x00000b89       0x65 ./Archivos_P2/timer2.o
 .debug_abbrev  0x00000bee      0x113 ./Archivos_P2/timer3.o

.debug_frame    0x00000000      0xd4c
 *(.debug_frame)
 .debug_frame   0x00000000      0x1bc ./LCD_touch_2025/common/44blib.o
 .debug_frame   0x000001bc       0xf4 ./LCD_touch_2025/Bmp.o
 .debug_frame   0x000002b0      0x23c ./LCD_touch_2025/lcd.o
 .debug_frame   0x000004ec       0x30 ./LCD_touch_2025/main.o
 .debug_frame   0x0000051c       0xfc ./LCD_touch_2025/tp.o
 .debug_frame   0x00000618       0x50 ./Archivos_P2/8led.o
 .debug_frame   0x00000668      0x13c ./Archivos_P2/button.o
 .debug_frame   0x000007a4       0x90 ./Archivos_P2/cola.o
 .debug_frame   0x00000834      0x110 ./Archivos_P2/led.o
 .debug_frame   0x00000944       0x30 ./Archivos_P2/main_sudoku.o
 .debug_frame   0x00000974      0x110 ./Archivos_P2/sudoku_2025.o
 .debug_frame   0x00000a84       0x58 ./Archivos_P2/timer.o
 .debug_frame   0x00000adc       0x5c ./Archivos_P2/timer1.o
 .debug_frame   0x00000b38       0x98 ./Archivos_P2/timer2.o
 .debug_frame   0x00000bd0      0x11c ./Archivos_P2/timer3.o
 .debug_frame   0x00000cec       0x20 c:/program files/eclipsearm/sourcery-g++-lite-arm-2011.03/bin/../lib/gcc/arm-none-eabi/4.5.2\libgcc.a(_udivsi3.o)
 .debug_frame   0x00000d0c       0x20 c:/program files/eclipsearm/sourcery-g++-lite-arm-2011.03/bin/../lib/gcc/arm-none-eabi/4.5.2\libgcc.a(_divsi3.o)
 .debug_frame   0x00000d2c       0x20 c:/program files/eclipsearm/sourcery-g++-lite-arm-2011.03/bin/../lib/gcc/arm-none-eabi/4.5.2/../../../../arm-none-eabi/lib\libc.a(lib_a-strlen.o)
OUTPUT(practica3.elf elf32-littlearm)

.debug_aranges  0x00000000      0x220
 .debug_aranges
                0x00000000       0x20 ./LCD_touch_2025/common/44binit.o
 .debug_aranges
                0x00000020       0x20 ./LCD_touch_2025/common/44blib.o
 .debug_aranges
                0x00000040       0x20 ./LCD_touch_2025/Bmp.o
 .debug_aranges
                0x00000060       0x20 ./LCD_touch_2025/lcd.o
 .debug_aranges
                0x00000080       0x20 ./LCD_touch_2025/main.o
 .debug_aranges
                0x000000a0       0x20 ./LCD_touch_2025/tp.o
 .debug_aranges
                0x000000c0       0x20 ./Archivos_P2/8led.o
 .debug_aranges
                0x000000e0       0x20 ./Archivos_P2/button.o
 .debug_aranges
                0x00000100       0x20 ./Archivos_P2/cola.o
 .debug_aranges
                0x00000120       0x20 ./Archivos_P2/init_b.o
 .debug_aranges
                0x00000140       0x20 ./Archivos_P2/led.o
 .debug_aranges
                0x00000160       0x20 ./Archivos_P2/main_sudoku.o
 .debug_aranges
                0x00000180       0x20 ./Archivos_P2/sudoku_2025.o
 .debug_aranges
                0x000001a0       0x20 ./Archivos_P2/timer.o
 .debug_aranges
                0x000001c0       0x20 ./Archivos_P2/timer1.o
 .debug_aranges
                0x000001e0       0x20 ./Archivos_P2/timer2.o
 .debug_aranges
                0x00000200       0x20 ./Archivos_P2/timer3.o

.debug_macinfo  0x00000000    0x5454a
 .debug_macinfo
                0x00000000     0x82fb ./LCD_touch_2025/common/44blib.o
 .debug_macinfo
                0x000082fb     0x2297 ./LCD_touch_2025/common/AscII6x8.o
 .debug_macinfo
                0x0000a592     0x2297 ./LCD_touch_2025/common/AscII8x16.o
 .debug_macinfo
                0x0000c829     0x289a ./LCD_touch_2025/Bmp.o
 .debug_macinfo
                0x0000f0c3     0x587a ./LCD_touch_2025/lcd.o
 .debug_macinfo
                0x0001493d     0x57f6 ./LCD_touch_2025/main.o
 .debug_macinfo
                0x0001a133     0x7481 ./LCD_touch_2025/tp.o
 .debug_macinfo
                0x000215b4     0x50b3 ./Archivos_P2/8led.o
 .debug_macinfo
                0x00026667     0x6c7a ./Archivos_P2/button.o
 .debug_macinfo
                0x0002d2e1     0x2a30 ./Archivos_P2/cola.o
 .debug_macinfo
                0x0002fd11     0x50b2 ./Archivos_P2/led.o
 .debug_macinfo
                0x00034dc3     0x6b29 ./Archivos_P2/main_sudoku.o
 .debug_macinfo
                0x0003b8ec     0x3f4d ./Archivos_P2/sudoku_2025.o
 .debug_macinfo
                0x0003f839     0x50c3 ./Archivos_P2/timer.o
 .debug_macinfo
                0x000448fc     0x5103 ./Archivos_P2/timer1.o
 .debug_macinfo
                0x000499ff     0x50b5 ./Archivos_P2/timer2.o
 .debug_macinfo
                0x0004eab4     0x5a96 ./Archivos_P2/timer3.o

.debug_loc      0x00000000      0xffc
 .debug_loc     0x00000000      0x23c ./LCD_touch_2025/common/44blib.o
 .debug_loc     0x0000023c      0x134 ./LCD_touch_2025/Bmp.o
 .debug_loc     0x00000370      0x2ec ./LCD_touch_2025/lcd.o
 .debug_loc     0x0000065c       0x2c ./LCD_touch_2025/main.o
 .debug_loc     0x00000688      0x134 ./LCD_touch_2025/tp.o
 .debug_loc     0x000007bc       0x58 ./Archivos_P2/8led.o
 .debug_loc     0x00000814      0x18c ./Archivos_P2/button.o
 .debug_loc     0x000009a0       0xb0 ./Archivos_P2/cola.o
 .debug_loc     0x00000a50      0x160 ./Archivos_P2/led.o
 .debug_loc     0x00000bb0       0x2c ./Archivos_P2/main_sudoku.o
 .debug_loc     0x00000bdc      0x160 ./Archivos_P2/sudoku_2025.o
 .debug_loc     0x00000d3c       0x58 ./Archivos_P2/timer.o
 .debug_loc     0x00000d94       0x58 ./Archivos_P2/timer1.o
 .debug_loc     0x00000dec       0xb0 ./Archivos_P2/timer2.o
 .debug_loc     0x00000e9c      0x160 ./Archivos_P2/timer3.o

.debug_pubnames
                0x00000000      0x7b4
 .debug_pubnames
                0x00000000       0xf7 ./LCD_touch_2025/common/44blib.o
 .debug_pubnames
                0x000000f7       0x25 ./LCD_touch_2025/common/AscII6x8.o
 .debug_pubnames
                0x0000011c       0x26 ./LCD_touch_2025/common/AscII8x16.o
 .debug_pubnames
                0x00000142       0xcd ./LCD_touch_2025/Bmp.o
 .debug_pubnames
                0x0000020f      0x147 ./LCD_touch_2025/lcd.o
 .debug_pubnames
                0x00000356       0x71 ./LCD_touch_2025/main.o
 .debug_pubnames
                0x000003c7       0xb4 ./LCD_touch_2025/tp.o
 .debug_pubnames
                0x0000047b       0x32 ./Archivos_P2/8led.o
 .debug_pubnames
                0x000004ad       0x35 ./Archivos_P2/button.o
 .debug_pubnames
                0x000004e2       0x71 ./Archivos_P2/cola.o
 .debug_pubnames
                0x00000553       0x7d ./Archivos_P2/led.o
 .debug_pubnames
                0x000005d0       0x3c ./Archivos_P2/main_sudoku.o
 .debug_pubnames
                0x0000060c       0x7f ./Archivos_P2/sudoku_2025.o
 .debug_pubnames
                0x0000068b       0x3f ./Archivos_P2/timer.o
 .debug_pubnames
                0x000006ca       0x31 ./Archivos_P2/timer1.o
 .debug_pubnames
                0x000006fb       0x53 ./Archivos_P2/timer2.o
 .debug_pubnames
                0x0000074e       0x66 ./Archivos_P2/timer3.o

.debug_pubtypes
                0x00000000      0x1ff
 .debug_pubtypes
                0x00000000       0x12 ./LCD_touch_2025/common/44blib.o
 .debug_pubtypes
                0x00000012       0x2d ./LCD_touch_2025/Bmp.o
 .debug_pubtypes
                0x0000003f       0x2d ./LCD_touch_2025/lcd.o
 .debug_pubtypes
                0x0000006c       0x12 ./LCD_touch_2025/tp.o
 .debug_pubtypes
                0x0000007e       0x46 ./Archivos_P2/button.o
 .debug_pubtypes
                0x000000c4       0x48 ./Archivos_P2/cola.o
 .debug_pubtypes
                0x0000010c       0x5f ./Archivos_P2/main_sudoku.o
 .debug_pubtypes
                0x0000016b       0x40 ./Archivos_P2/sudoku_2025.o
 .debug_pubtypes
                0x000001ab       0x54 ./Archivos_P2/timer3.o

.debug_str      0x00000000      0xd9c
 .debug_str     0x00000000      0x1b7 ./LCD_touch_2025/common/44blib.o
                                0x1f5 (size before relaxing)
 .debug_str     0x000001b7       0x33 ./LCD_touch_2025/common/AscII6x8.o
                                 0x87 (size before relaxing)
 .debug_str     0x000001ea       0x35 ./LCD_touch_2025/common/AscII8x16.o
                                 0x89 (size before relaxing)
 .debug_str     0x0000021f      0x10b ./LCD_touch_2025/Bmp.o
                                0x179 (size before relaxing)
 .debug_str     0x0000032a      0x1d0 ./LCD_touch_2025/lcd.o
                                0x2d7 (size before relaxing)
 .debug_str     0x000004fa       0x47 ./LCD_touch_2025/main.o
                                 0x92 (size before relaxing)
 .debug_str     0x00000541       0x56 ./LCD_touch_2025/tp.o
                                0x13e (size before relaxing)
 .debug_str     0x00000597       0x78 ./Archivos_P2/8led.o
                                 0xbe (size before relaxing)
 .debug_str     0x0000060f      0x21a ./Archivos_P2/button.o
                                0x2ee (size before relaxing)
 .debug_str     0x00000829       0xb3 ./Archivos_P2/cola.o
                                0x18c (size before relaxing)
 .debug_str     0x000008dc       0x74 ./Archivos_P2/led.o
                                 0xad (size before relaxing)
 .debug_str     0x00000950       0x84 ./Archivos_P2/main_sudoku.o
                                0x203 (size before relaxing)
 .debug_str     0x000009d4      0x103 ./Archivos_P2/sudoku_2025.o
                                0x2db (size before relaxing)
 .debug_str     0x00000ad7       0x38 ./Archivos_P2/timer.o
                                 0x71 (size before relaxing)
 .debug_str     0x00000b0f       0x4e ./Archivos_P2/timer1.o
                                 0x94 (size before relaxing)
 .debug_str     0x00000b5d       0xa7 ./Archivos_P2/timer2.o
                                 0xed (size before relaxing)
 .debug_str     0x00000c04      0x198 ./Archivos_P2/timer3.o
                                0x29b (size before relaxing)
